// Jest Snapshot v1, https://goo.gl/fbAQLP

exports[`Dev loader loadPage should be successful when component can be loaded 1`] = `
Object {
  "component": Object {
    "chunkName": "bar",
  },
  "json": Object {
    "pageContext": "something something",
  },
  "page": Object {
    "componentChunkName": "chunk",
    "matchPath": undefined,
    "path": "/mypage/",
    "staticQueryHashes": Array [],
    "webpackCompilationHash": "123",
  },
  "staticQueryResults": Object {},
}
`;

exports[`Dev loader loadPage should return an error when component cannot be loaded 1`] = `"Loading the page component chunky timed out after 10 seconds"`;
