// Jest Snapshot v1, https://goo.gl/fbAQLP

exports[`gatsby-plugin-sitemap: options-validation tests validateOptions creates correct defaults 1`] = `
Object {
  "createLinkInHead": true,
  "entryLimit": 45000,
  "excludes": Array [],
  "filterPages": [Function],
  "output": "/sitemap",
  "query": "{ site { siteMetadata { siteUrl } } allSitePage { nodes { path } } }",
  "resolvePagePath": [Function],
  "resolvePages": [Function],
  "resolveSiteUrl": [Function],
  "serialize": [Function],
}
`;

exports[`gatsby-plugin-sitemap: options-validation tests validateOptions errors on invalid options 1`] = `[ValidationError: "wrong" is not allowed]`;
